app/page.tsx(43,24): error TS2345: Argument of type 'null' is not assignable to parameter of type 'SetStateAction<string>'.
app/page.tsx(58,65): error TS2339: Property 'tags' does not exist on type 'Note'.
app/page.tsx(134,13): error TS2322: Type 'string[]' is not assignable to type 'Tag[]'.
  Type 'string' is not assignable to type 'Tag'.
app/page.tsx(147,13): error TS2322: Type 'string[]' is not assignable to type 'Tag[]'.
  Type 'string' is not assignable to type 'Tag'.
components/sidebar.tsx(166,47): error TS2339: Property 'id' does not exist on type 'string'.
components/sidebar.tsx(169,72): error TS2339: Property 'name' does not exist on type 'string'.
components/sidebar.tsx(176,76): error TS2339: Property 'id' does not exist on type 'string'.
